1907757100
3182585150
458514202
1684028078
1064002576
3897234150
2030460064
441379880
2043536529
1009893320
